PASS node work/test-progress-v58.cjs (0.05s)
PASS node work/test-live-player-v59.cjs (0.26s)
PASS node work/test-progress-menu.cjs (0.05s)
PASS node work/test-transfer-confirmations.cjs (0.04s)
PASS node work/test-transfer-deadline-dialog.cjs (0.05s)
PASS node work/test-tactics-replacement.cjs (0.04s)
PASS node work/test-quick-lineup-cells.cjs (0.04s)
PASS node work/test-v24.cjs (0.04s)
PASS node work/test-mobile-drag-scroll.cjs (0.15s)
PASS node work/test-v31.cjs (1.53s)
PASS node work/test-v41.cjs (0.14s)
PASS node work/test-v42.cjs (0.21s)
PASS node work/test-v44.cjs (0.16s)
PASS node work/test-v45.cjs (0.15s)
PASS node work/test-v47.cjs (0.18s)
PASS node work/test-statistics-menu.cjs (0.17s)
PASS node work/test-player-seasons.cjs (0.15s)
PASS node work/test-v49.cjs (0.15s)
PASS node work/test-v50.cjs (0.41s)
PASS node work/test-v50-balance.cjs (23.48s)
PASS node work/test-v51.cjs (0.5s)
PASS node work/test-v52.cjs (0.19s)
PASS node work/test-v53.cjs (0.2s)
PASS node work/test-v54.cjs (9.81s)
PASS node work/test-v55.cjs (0.53s)
PASS node work/test-ai-season-stats.cjs (0.17s)
PASS node work/test-ai-career-v60.cjs (0.74s)
PASS node work/test-breakaway.cjs (0.17s)
PASS node work/test-v56.cjs (5.75s)
PASS node work/test-duel-streaks.cjs (0.53s)
PASS node work/test-v57.cjs (0.55s)
PASS node work/test-world-foundation-v61.cjs (0.14s)
PASS node work/test-world-local-start.cjs (0.93s)
PASS node work/test-world-competition-v62.cjs (11.53s)
PASS node work/test-world-coaches-v63.cjs (1.36s)
PASS node work/test-world-match-v64.cjs (0.38s)
PASS node work/test-world-penalties-v65.cjs (0.05s)
PASS node work/test-world-victory-popup.cjs (0.05s)
PASS node work/test-world-nationalities-v79.cjs (2.71s)
PASS node work/test-world-market-nationalities-v79.cjs (0.15s)
PASS node work/test-world-kits-v81.cjs (2.13s)
PASS node work/test-world-direct-transfer.cjs (0.19s)
PASS node work/test-world-navigation.cjs (0.05s)
PASS node work/test-world-swap-banner.cjs (0.05s)
PASS node work/test-world-goal-scene-v83.cjs (0.05s)
PASS node work/test-world-goal-banner-v84.cjs (0.05s)
PASS node work/test-i18n-v75.cjs (0.06s)
PASS node work/test-world-live-ranks.cjs (0.05s)
PASS node work/test-world-grid-v71.cjs (0.12s)
PASS node work/test-world-player-instructions.cjs (0.13s)
PASS node work/test-world-physical-instructions.cjs (0.17s)
PASS node work/test-world-career-plan.cjs (0.13s)
PASS node work/test-world-economy-v66.cjs (8.4s)
PASS node work/test-world-sponsors-v97.cjs (0.24s)
PASS node work/test-world-career-events.cjs (1.97s)
PASS node work/test-world-playable-rosters.cjs (0.28s)
PASS node work/test-world-transfer-list-v72.cjs (0.54s)
PASS node work/test-world-human-sale-v73.cjs (0.42s)
PASS node work/test-world-youth-manager-v67.cjs (4.08s)
PASS node work/test-finance-close-v130.cjs (1.45s)
PASS node work/test-world-payments-v124.cjs (3.23s)
PASS node work/test-3d-documentation-v134.cjs (0.08s)
PASS node work/test-mobile-performance-v135.cjs (0.06s)
PASS node work/test-world-storage-v67.cjs (0.21s)
PASS node work/test-world-storage-recovery.cjs (0.93s)
PASS node work/test-world-save-management-v70.cjs (1.12s)
PASS node work/test-world-views-v68.cjs (0.38s)
PASS node work/test-world-honours-v74.cjs (0.14s)
PASS node work/test-match-presentation-v74.cjs (0.15s)
PASS DOPPEL_SEASONS=10 node work/test-world-economy-v66.cjs (16.4s)
PASS DOPPEL_SALES=1 DOPPEL_SEASONS=10 node work/test-world-economy-v66.cjs (16.71s)
PASS DOPPEL_SEASONS=10 node work/test-world-youth-manager-v67.cjs (12.97s)
PASS node work/audit-world-balance-v68.cjs (82.02s)
PASS python3 work/test_deploy_ftps.py (0.17s)
PASS python3 work/test_deploy_unity_assets.py (0.22s)
PASS node work/build.cjs (7.17s)
PASS node work/test-club-crests.cjs (1.19s)
PASS node work/test-no-player-images.cjs (0.17s)
PASS: 78 exact production preflight commands.
